// Jest Snapshot v1, https://goo.gl/fbAQLP

exports[`files get vue files 1`] = `
Array [
  "index.vue",
  "_.vue",
  "user/index.vue",
  "user/_id.vue",
  "user/foo.vue",
  "user/nest_user/foo.vue",
  "user/zoom.vue",
]
`;

exports[`files get vue files 2`] = `
Array [
  "index.vue",
  "_.vue",
  "user/index.vue",
  "user/_id.vue",
  "user/foo.vue",
  "user/nest_user/foo.vue",
  "user/zoom.vue",
]
`;
